exports[`AddProperty component renders correctly 1`] = `[Function]`;
