exports[`alert component renders correctly 1`] = `[Function]`;
