exports[`App renders correctly 1`] = `[Function]`;
