exports[`Favourites component renders with correct props 1`] = `[Function]`;
