exports[`footer component renders correctly 1`] = `[Function]`;
