exports[`HomePage component renders correctly 1`] = `[Function]`;
