exports[`PropertyCard renders with correct props 1`] = `[Function]`;
