exports[`properties component renders with correct props 1`] = `undefined`;
