exports[`SideBar render correctly 1`] = `[Function]`;
